// Jest Snapshot v1, https://goo.gl/fbAQLP

exports[`Dragon component renders dragon component 1`] = `
<div
  className="all-dragons"
/>
`;

exports[`Dragon component renders dragon component 2`] = `
<div
  className="all-dragons"
/>
`;
